// Jest Snapshot v1, https://goo.gl/fbAQLP

exports[`ForecastDetails renders correctly 1`] = `
<DocumentFragment>
  <div
    class="forecast-details"
  >
    <div
      class="forecast-details_date"
      data-testid="forecast-date"
    >
      Thu 4th Jan
    </div>
    <div
      class="forecast-details_temperatureMin"
      data-testid="forecast-temp-min"
    >
      Min temperature: 12 °C
    </div>
    <div
      class="forecast-details_temperatureMax"
      data-testid="forecast-temp-max"
    >
      Max temperature: 22 °C
    </div>
    <div
      class="forecast-details_wind"
      data-testid="forecast-wind"
    >
      Wind:23mph North West
    </div>
    <div
      class="forecast-details_humidity"
      data-testid="forecast-humidity"
    >
      Humidity: 34%
    </div>
  </div>
</DocumentFragment>
`;
